org.junit.jupiter.api jar.+module-info.class
exports org.junit.jupiter.api
exports org.junit.jupiter.api.condition
exports org.junit.jupiter.api.extension
exports org.junit.jupiter.api.function
exports org.junit.jupiter.api.parallel
requires java.base mandated
requires org.apiguardian.api transitive
requires org.junit.platform.commons transitive
requires org.opentest4j
