org.junit.platform.commons jar.+module-info.class
exports org.junit.platform.commons
exports org.junit.platform.commons.annotation
exports org.junit.platform.commons.support
requires java.base mandated
requires java.compiler static
requires java.logging
requires org.apiguardian.api
qualified exports org.junit.platform.commons.logging to org.junit.jupiter.api org.junit.jupiter.engine org.junit.platform.console org.junit.platform.engine org.junit.platform.launcher org.junit.vintage.engine
qualified exports org.junit.platform.commons.util to org.junit.jupiter.api org.junit.jupiter.engine org.junit.platform.console org.junit.platform.engine org.junit.platform.launcher org.junit.vintage.engine
